// Jest Snapshot v1, https://goo.gl/fbAQLP

exports[`rendering  should render the <App /> component 1`] = `ShallowWrapper {}`;

exports[`rendering components should render the <App /> component 1`] = `ShallowWrapper {}`;
